// Jest Snapshot v1, https://goo.gl/fbAQLP

exports[`mocha Package transformer should work with some files 1`] = `
Object {
  "devDependencies": Object {
    "coveralls": "^3.0.2",
    "jest": "^23.6.0",
  },
  "greenkeeper": Object {
    "ignore": Array [
      "jest",
      "coveralls",
    ],
  },
  "jest": Object {
    "coverageReporters": Array [
      "lcov",
    ],
    "roots": Array [
      "<rootDir>/src",
    ],
    "testPathIgnorePatterns": Array [
      "/node_modules/",
    ],
  },
  "metapak": Object {
    "data": Object {
      "testsFiles": "src/*.js src/**/*.js",
    },
  },
  "scripts": Object {
    "cover": "npm run jest -- --coverage",
    "coveralls": "npm run cover && cat ./coverage/lcov.info | coveralls && rm -rf ./coverage",
    "jest": "NODE_ENV=test jest",
    "test": "npm run jest",
  },
}
`;
