// Jest Snapshot v1, https://goo.gl/fbAQLP

exports[`private Package transformer should work 1`] = `
Object {
  "devDependencies": Object {
    "typescript": "^3.7.2",
  },
  "greenkeeper": Object {
    "ignore": Array [
      "typescript",
    ],
  },
  "metapak": Object {
    "data": Object {
      "bundleFiles": Array [
        "index.d.ts",
      ],
      "typesDefs": "*.d.ts",
      "typesFiles": "index.ts",
    },
  },
  "scripts": Object {
    "precz": "npm run types",
    "preversion": "npm run types",
    "types": "rm *.d.ts; tsc --project . --declaration --emitDeclarationOnly; npm run prettier -- *.d.ts",
  },
  "types": "index.d.ts",
}
`;
