// Jest Snapshot v1, https://goo.gl/fbAQLP

exports[`private Package transformer should work 1`] = `
{
  "devDependencies": {
    "rimraf": "^3.0.2",
    "typescript": "^4.8.2",
  },
  "greenkeeper": {
    "ignore": [
      "typescript",
    ],
  },
  "metapak": {
    "data": {},
  },
  "scripts": {
    "precz": "npm run types",
    "preversion": "npm run types",
    "types": "rimraf -f 'dist/**/*.d.ts' && tsc --project . --declaration --emitDeclarationOnly --outDir dist",
  },
  "types": "index.d.ts",
}
`;
