// Jest Snapshot v1, https://goo.gl/fbAQLP

exports[`private Package transformer should work 1`] = `
Object {
  "devDependencies": Object {
    "rimraf": "^3.0.1",
    "typescript": "^3.7.5",
  },
  "greenkeeper": Object {
    "ignore": Array [
      "typescript",
    ],
  },
  "metapak": Object {
    "data": Object {},
  },
  "scripts": Object {
    "precz": "npm run types",
    "preversion": "npm run types",
    "types": "rimraf -f 'dist/**/*.d.ts' && tsc --project . --declaration --emitDeclarationOnly --outDir dist",
  },
  "types": "index.d.ts",
}
`;
